<area shape="rect" href="$steamcalculator_8h.html" title="steamcalculator.h" alt="" coords="499,80,621,107">
<area shape="rect" href="$solver2_8h.html" title="solver2.h" alt="" coords="504,304,579,331">
<area shape="rect" href="$boundaries_8cpp.html" title="boundaries.cpp" alt="" coords="1367,80,1476,107">
<area shape="rect" href="$b13curve_8h.html" title="b13curve.h" alt="" coords="12,304,97,331">
<area shape="rect" href="$solver2_8cpp.html" title="solver2.cpp" alt="" coords="249,379,337,406">
<area shape="rect" href="$steamproperty_8h.html" title="steamproperty.h" alt="" coords="252,155,367,182">
<area shape="rect" href="$solver_8h.html" title="solver.h" alt="" coords="193,230,260,256">
<area shape="rect" href="$b23curve_8h.html" title="b23curve.h" alt="" coords="335,230,420,256">
<area shape="rect" href="$satcurve_8h.html" title="satcurve.h" alt="" coords="495,230,577,256">
<area shape="rect" href="$steamproperty_8cpp.html" title="steamproperty.cpp" alt="" coords="601,230,729,256">
<area shape="rect" href="$convergencetest_8cpp.html" title="convergencetest.cpp" alt="" coords="543,155,684,182">
<area shape="rect" href="$region1_8cpp.html" title="region1.cpp" alt="" coords="708,155,796,182">
<area shape="rect" href="$region2_8cpp.html" title="region2.cpp" alt="" coords="820,155,908,182">
<area shape="rect" href="$region3_8cpp.html" title="region3.cpp" alt="" coords="932,155,1020,182">
<area shape="rect" href="$region4_8cpp.html" title="region4.cpp" alt="" coords="1044,155,1132,182">
<area shape="rect" href="$steamcalculator_8cpp.html" title="steamcalculator.cpp" alt="" coords="1156,155,1292,182">
<area shape="rect" href="$b13curve_8cpp.html" title="b13curve.cpp" alt="" coords="5,379,104,406">
<area shape="rect" href="$solver_8cpp.html" title="solver.cpp" alt="" coords="176,304,256,331">
<area shape="rect" href="$b23curve_8cpp.html" title="b23curve.cpp" alt="" coords="381,304,480,331">
<area shape="rect" href="$satcurve_8cpp.html" title="satcurve.cpp" alt="" coords="603,304,699,331">
