<area shape="rect" href="$class_boundaries.html" title="Boundaries" alt="" coords="407,5,492,32">
<area shape="rect" href="$class_solver_base.html" title="Base class for one&#45;property rootfinding." alt="" coords="183,56,716,82">
<area shape="rect" href="$class_solver_base.html" title="SolverBase\&lt; Units, OtherProp, Units, 0, OtherPropAlt, 0 \&gt;" alt="" coords="269,106,629,133">
<area shape="rect" href="$class_steam_calculator.html" title="SteamCalculator" alt="" coords="391,157,508,184">
<area shape="rect" href="$class_steam_state.html" title="SteamState" alt="" coords="404,208,495,234">
<area shape="rect" href="$class_zero_in.html" title="ZeroIn\&lt; Subject, Ordinate, Abscissa \&gt;" alt="" coords="327,258,572,285">
<area shape="rect" href="$class_solver.html" title="Solver\&lt; MainProp, OtherProp, VaryProp, MainPropAlt, OtherPropAlt, VaryPropAlt \&gt;" alt="" coords="765,5,1269,32">
<area shape="rect" href="$class_solver_3_01_pressure_00_01_other_prop_00_01_temperature_00_010_00_01_other_prop_alt_00_010_01_4.html" title="Pressure solver." alt="" coords="820,56,1215,82">
<area shape="rect" href="$class_solver_3_01_temperature_00_01_other_prop_00_01_pressure_00_010_00_01_other_prop_alt_00_010_01_4.html" title="Solver\&lt; Temperature, OtherProp, Pressure, 0, OtherPropAlt, 0 \&gt;" alt="" coords="820,106,1215,133">
<area shape="rect" href="$class_region1.html" title="Region1" alt="" coords="984,157,1051,184">
<area shape="rect" href="$class_region2.html" title="Region2" alt="" coords="984,208,1051,234">
<area shape="rect" href="$class_region3.html" title="Region3" alt="" coords="984,258,1051,285">
<area shape="rect" href="$class_region4.html" title="Region4" alt="" coords="984,309,1051,336">
