<area shape="rect" href="$units_8h.html" title="units.h" alt="" coords="759,154,817,181">
<area shape="rect" href="$satcurve_8h.html" title="satcurve.h" alt="" coords="176,528,259,554">
<area shape="rect" href="$steamcalculator_8cpp.html" title="steamcalculator.cpp" alt="" coords="2081,528,2217,554">
<area shape="rect" href="$boundaries_8cpp.html" title="boundaries.cpp" alt="" coords="764,378,873,405">
<area shape="rect" href="$isinfnan_8h.html" title="isinfnan.h" alt="" coords="1665,80,1743,106">
<area shape="rect" href="$common_8h.html" title="common.h" alt="" coords="747,229,829,256">
<area shape="rect" href="$b13curve_8h.html" title="b13curve.h" alt="" coords="843,602,928,629">
<area shape="rect" href="$solver2_8cpp.html" title="solver2.cpp" alt="" coords="516,677,604,704">
<area shape="rect" href="$b23curve_8h.html" title="b23curve.h" alt="" coords="405,528,491,554">
<area shape="rect" href="$solver2_8h.html" title="solver2.h" alt="" coords="300,602,375,629">
<area shape="rect" href="$boundaries_8h.html" title="boundaries.h" alt="" coords="661,304,757,330">
<area shape="rect" href="$state_8h.html" title="state.h" alt="" coords="1323,304,1384,330">
<area shape="rect" href="$region1_8h.html" title="region1.h" alt="" coords="1624,453,1699,480">
<area shape="rect" href="$convergencetest_8h.html" title="convergencetest.h" alt="" coords="456,304,584,330">
<area shape="rect" href="$surfacetension_8h.html" title="surfacetension.h" alt="" coords="1415,229,1532,256">
<area shape="rect" href="$units_8cpp.html" title="units.cpp" alt="" coords="853,229,928,256">
<area shape="rect" href="$steamcalculatorexception_8h.html" title="steamcalculatorexception.h" alt="" coords="1003,304,1181,330">
<area shape="rect" href="$surfacetension_8cpp.html" title="surfacetension.cpp" alt="" coords="1408,304,1539,330">
<area shape="rect" href="$b13curve_8cpp.html" title="b13curve.cpp" alt="" coords="836,677,935,704">
<area shape="rect" href="$steamcalculator_8h.html" title="steamcalculator.h" alt="" coords="897,378,1020,405">
<area shape="rect" href="$steamcalculatorexception_8cpp.html" title="steamcalculatorexception.cpp" alt="" coords="1044,378,1239,405">
<area shape="rect" href="$steamproperty_8h.html" title="steamproperty.h" alt="" coords="816,453,931,480">
<area shape="rect" href="$solver_8h.html" title="solver.h" alt="" coords="1028,528,1095,554">
<area shape="rect" href="$steamproperty_8cpp.html" title="steamproperty.cpp" alt="" coords="825,528,953,554">
<area shape="rect" href="$convergencetest_8cpp.html" title="convergencetest.cpp" alt="" coords="448,453,589,480">
<area shape="rect" href="$region1_8cpp.html" title="region1.cpp" alt="" coords="1617,528,1705,554">
<area shape="rect" href="$region2_8cpp.html" title="region2.cpp" alt="" coords="1512,453,1600,480">
<area shape="rect" href="$region3_8cpp.html" title="region3.cpp" alt="" coords="2024,453,2112,480">
<area shape="rect" href="$region4_8cpp.html" title="region4.cpp" alt="" coords="1380,528,1468,554">
<area shape="rect" href="$solver_8cpp.html" title="solver.cpp" alt="" coords="1021,602,1101,629">
<area shape="rect" href="$b23curve_8cpp.html" title="b23curve.cpp" alt="" coords="399,602,497,629">
<area shape="rect" href="$satcurve_8cpp.html" title="satcurve.cpp" alt="" coords="169,602,265,629">
<area shape="rect" href="$region4_8h.html" title="region4.h" alt="" coords="1445,378,1520,405">
<area shape="rect" href="$region2_8h.html" title="region2.h" alt="" coords="1336,378,1411,405">
<area shape="rect" href="$region3_8h.html" title="region3.h" alt="" coords="2031,378,2105,405">
<area shape="rect" href="$state_8cpp.html" title="state.cpp" alt="" coords="1773,453,1848,480">
<area shape="rect" href="$steam_8c.html" title="steam.c" alt="" coords="1239,528,1305,554">
<area shape="rect" href="$steamcalculator__macros_8h.html" title="steamcalculator_macros.h" alt="" coords="1799,378,1972,405">
