<area shape="rect" href="$zeroin_8h.html" title="zeroin.h" alt="" coords="1005,80,1072,106">
<area shape="rect" href="$steamcalculator_8h.html" title="steamcalculator.h" alt="" coords="749,154,872,181">
<area shape="rect" href="$boundaries_8h.html" title="boundaries.h" alt="" coords="433,80,529,106">
<area shape="rect" href="$state_8h.html" title="state.h" alt="" coords="1345,80,1407,106">
<area shape="rect" href="$designbycontract_8cpp.html" title="designbycontract.cpp" alt="" coords="1431,80,1575,106">
<area shape="rect" href="$b13curve_8h.html" title="b13curve.h" alt="" coords="875,378,960,405">
<area shape="rect" href="$solver_8h.html" title="solver.h" alt="" coords="771,304,837,330">
<area shape="rect" href="$b23curve_8h.html" title="b23curve.h" alt="" coords="556,304,641,330">
<area shape="rect" href="$satcurve_8h.html" title="satcurve.h" alt="" coords="189,304,272,330">
<area shape="rect" href="$region3_8cpp.html" title="region3.cpp" alt="" coords="1203,229,1291,256">
<area shape="rect" href="$steamcalculator_8cpp.html" title="steamcalculator.cpp" alt="" coords="1311,304,1447,330">
<area shape="rect" href="$region4_8h.html" title="region4.h" alt="" coords="1413,154,1488,181">
<area shape="rect" href="$region3_8h.html" title="region3.h" alt="" coords="1263,154,1337,181">
<area shape="rect" href="$zeroin_8cpp.html" title="zeroin.cpp" alt="" coords="896,154,976,181">
<area shape="rect" href="$b13curve_8cpp.html" title="b13curve.cpp" alt="" coords="868,453,967,480">
<area shape="rect" href="$solver2_8cpp.html" title="solver2.cpp" alt="" coords="639,453,727,480">
<area shape="rect" href="$steamproperty_8h.html" title="steamproperty.h" alt="" coords="507,229,621,256">
<area shape="rect" href="$steamproperty_8cpp.html" title="steamproperty.cpp" alt="" coords="296,304,424,330">
<area shape="rect" href="$convergencetest_8cpp.html" title="convergencetest.cpp" alt="" coords="341,229,483,256">
<area shape="rect" href="$region1_8cpp.html" title="region1.cpp" alt="" coords="912,304,1000,330">
<area shape="rect" href="$region2_8cpp.html" title="region2.cpp" alt="" coords="1024,304,1112,330">
<area shape="rect" href="$region4_8cpp.html" title="region4.cpp" alt="" coords="1615,304,1703,330">
<area shape="rect" href="$solver2_8h.html" title="solver2.h" alt="" coords="397,378,472,405">
<area shape="rect" href="$solver_8cpp.html" title="solver.cpp" alt="" coords="771,378,851,405">
<area shape="rect" href="$b23curve_8cpp.html" title="b23curve.cpp" alt="" coords="547,378,645,405">
<area shape="rect" href="$satcurve_8cpp.html" title="satcurve.cpp" alt="" coords="183,378,279,405">
<area shape="rect" href="$region1_8h.html" title="region1.h" alt="" coords="1467,229,1541,256">
<area shape="rect" href="$steam_8c.html" title="steam.c" alt="" coords="1488,304,1555,330">
<area shape="rect" href="$boundaries_8cpp.html" title="boundaries.cpp" alt="" coords="5,154,115,181">
<area shape="rect" href="$region2_8h.html" title="region2.h" alt="" coords="1565,229,1640,256">
<area shape="rect" href="$state_8cpp.html" title="state.cpp" alt="" coords="1613,154,1688,181">
