<area shape="rect" href="$config_8h.html" title="config.h" alt="" coords="96,528,163,555">
<area shape="rect" href="$steamproperty_8h.html" title="steamproperty.h" alt="" coords="596,80,711,107">
<area shape="rect" href="$steamcalculator_8h.html" title="steamcalculator.h" alt="" coords="283,155,405,181">
<area shape="rect" href="$common_8h.html" title="common.h" alt="" coords="465,304,548,331">
<area shape="rect" href="$units_8h.html" title="units.h" alt="" coords="348,379,407,405">
<area shape="rect" href="$zeroin_8h.html" title="zeroin.h" alt="" coords="68,229,135,256">
<area shape="rect" href="$designbycontract_8h.html" title="designbycontract.h" alt="" coords="209,304,340,331">
<area shape="rect" href="$steamcalculatorexception_8h.html" title="steamcalculatorexception.h" alt="" coords="516,229,695,256">
<area shape="rect" href="$boundaries_8h.html" title="boundaries.h" alt="" coords="260,229,356,256">
<area shape="rect" href="$state_8h.html" title="state.h" alt="" coords="380,229,441,256">
<area shape="rect" href="$isinfnan_8h.html" title="isinfnan.h" alt="" coords="173,453,251,480">
<area shape="rect" href="$measurement_8h.html" title="measurement.h" alt="" coords="376,453,488,480">
