<area shape="rect" href="$solver_8h.html" title="solver.h" alt="" coords="595,80,661,107">
<area shape="rect" href="$steamcalculator_8h.html" title="steamcalculator.h" alt="" coords="279,230,401,256">
<area shape="rect" href="$zeroin_8h.html" title="zeroin.h" alt="" coords="65,304,132,331">
<area shape="rect" href="$steamproperty_8h.html" title="steamproperty.h" alt="" coords="571,155,685,182">
<area shape="rect" href="$designbycontract_8h.html" title="designbycontract.h" alt="" coords="136,379,267,406">
<area shape="rect" href="$steamcalculatorexception_8h.html" title="steamcalculatorexception.h" alt="" coords="412,304,591,331">
<area shape="rect" href="$boundaries_8h.html" title="boundaries.h" alt="" coords="292,304,388,331">
<area shape="rect" href="$state_8h.html" title="state.h" alt="" coords="207,304,268,331">
<area shape="rect" href="$common_8h.html" title="common.h" alt="" coords="392,379,475,406">
<area shape="rect" href="$units_8h.html" title="units.h" alt="" coords="291,454,349,480">
<area shape="rect" href="$config_8h.html" title="config.h" alt="" coords="65,603,132,630">
<area shape="rect" href="$isinfnan_8h.html" title="isinfnan.h" alt="" coords="136,528,213,555">
<area shape="rect" href="$measurement_8h.html" title="measurement.h" alt="" coords="339,528,451,555">
