<area shape="rect" href="$steamcalculator_8h.html" title="steamcalculator.h" alt="" coords="508,80,631,107">
<area shape="rect" href="$boundaries_8cpp.html" title="boundaries.cpp" alt="" coords="655,80,764,107">
<area shape="rect" href="$steamcalculatorexception_8cpp.html" title="steamcalculatorexception.cpp" alt="" coords="788,80,983,107">
<area shape="rect" href="$b13curve_8h.html" title="b13curve.h" alt="" coords="24,304,109,331">
<area shape="rect" href="$solver2_8cpp.html" title="solver2.cpp" alt="" coords="329,379,417,406">
<area shape="rect" href="$steamproperty_8h.html" title="steamproperty.h" alt="" coords="367,155,481,182">
<area shape="rect" href="$solver_8h.html" title="solver.h" alt="" coords="203,230,269,256">
<area shape="rect" href="$b23curve_8h.html" title="b23curve.h" alt="" coords="301,230,387,256">
<area shape="rect" href="$satcurve_8h.html" title="satcurve.h" alt="" coords="512,230,595,256">
<area shape="rect" href="$steamproperty_8cpp.html" title="steamproperty.cpp" alt="" coords="619,230,747,256">
<area shape="rect" href="$convergencetest_8cpp.html" title="convergencetest.cpp" alt="" coords="607,155,748,182">
<area shape="rect" href="$region1_8cpp.html" title="region1.cpp" alt="" coords="772,155,860,182">
<area shape="rect" href="$region2_8cpp.html" title="region2.cpp" alt="" coords="884,155,972,182">
<area shape="rect" href="$region3_8cpp.html" title="region3.cpp" alt="" coords="996,155,1084,182">
<area shape="rect" href="$region4_8cpp.html" title="region4.cpp" alt="" coords="1108,155,1196,182">
<area shape="rect" href="$steamcalculator_8cpp.html" title="steamcalculator.cpp" alt="" coords="1220,155,1356,182">
<area shape="rect" href="$b13curve_8cpp.html" title="b13curve.cpp" alt="" coords="17,379,116,406">
<area shape="rect" href="$solver2_8h.html" title="solver2.h" alt="" coords="461,304,536,331">
<area shape="rect" href="$solver_8cpp.html" title="solver.cpp" alt="" coords="133,304,213,331">
<area shape="rect" href="$b23curve_8cpp.html" title="b23curve.cpp" alt="" coords="237,304,336,331">
<area shape="rect" href="$satcurve_8cpp.html" title="satcurve.cpp" alt="" coords="560,304,656,331">
