<area shape="rect" href="$b13curve_8h.html" title="b13curve.h" alt="" coords="12,154,97,181">
<area shape="rect" href="$solver2_8cpp.html" title="solver2.cpp" alt="" coords="293,229,381,256">
<area shape="rect" href="$solver_8h.html" title="solver.h" alt="" coords="128,80,195,106">
<area shape="rect" href="$b23curve_8h.html" title="b23curve.h" alt="" coords="291,80,376,106">
<area shape="rect" href="$solver2_8h.html" title="solver2.h" alt="" coords="399,154,473,181">
<area shape="rect" href="$satcurve_8h.html" title="satcurve.h" alt="" coords="465,80,548,106">
<area shape="rect" href="$steamproperty_8cpp.html" title="steamproperty.cpp" alt="" coords="668,80,796,106">
<area shape="rect" href="$b13curve_8cpp.html" title="b13curve.cpp" alt="" coords="5,229,104,256">
<area shape="rect" href="$solver_8cpp.html" title="solver.cpp" alt="" coords="121,154,201,181">
<area shape="rect" href="$b23curve_8cpp.html" title="b23curve.cpp" alt="" coords="276,154,375,181">
<area shape="rect" href="$satcurve_8cpp.html" title="satcurve.cpp" alt="" coords="497,154,593,181">
