<area shape="rect" href="$steamcalculator_8h.html" title="steamcalculator.h" alt="" coords="291,155,413,181">
<area shape="rect" href="$steamproperty_8h.html" title="steamproperty.h" alt="" coords="521,80,636,107">
<area shape="rect" href="$designbycontract_8h.html" title="designbycontract.h" alt="" coords="112,304,243,331">
<area shape="rect" href="$steamcalculatorexception_8h.html" title="steamcalculatorexception.h" alt="" coords="407,229,585,256">
<area shape="rect" href="$boundaries_8h.html" title="boundaries.h" alt="" coords="201,229,297,256">
<area shape="rect" href="$state_8h.html" title="state.h" alt="" coords="321,229,383,256">
<area shape="rect" href="$zeroin_8h.html" title="zeroin.h" alt="" coords="48,229,115,256">
<area shape="rect" href="$common_8h.html" title="common.h" alt="" coords="317,304,400,331">
<area shape="rect" href="$units_8h.html" title="units.h" alt="" coords="333,379,392,405">
<area shape="rect" href="$config_8h.html" title="config.h" alt="" coords="408,528,475,555">
<area shape="rect" href="$isinfnan_8h.html" title="isinfnan.h" alt="" coords="327,453,404,480">
<area shape="rect" href="$measurement_8h.html" title="measurement.h" alt="" coords="191,453,303,480">
