<area shape="rect" href="$b13curve_8h.html" title="b13curve.h" alt="" coords="24,229,109,256">
<area shape="rect" href="$solver2_8cpp.html" title="solver2.cpp" alt="" coords="329,304,417,331">
<area shape="rect" href="$steamproperty_8h.html" title="steamproperty.h" alt="" coords="367,80,481,107">
<area shape="rect" href="$solver_8h.html" title="solver.h" alt="" coords="203,155,269,181">
<area shape="rect" href="$b23curve_8h.html" title="b23curve.h" alt="" coords="301,155,387,181">
<area shape="rect" href="$satcurve_8h.html" title="satcurve.h" alt="" coords="512,155,595,181">
<area shape="rect" href="$steamproperty_8cpp.html" title="steamproperty.cpp" alt="" coords="619,155,747,181">
<area shape="rect" href="$convergencetest_8cpp.html" title="convergencetest.cpp" alt="" coords="607,80,748,107">
<area shape="rect" href="$region1_8cpp.html" title="region1.cpp" alt="" coords="772,80,860,107">
<area shape="rect" href="$region2_8cpp.html" title="region2.cpp" alt="" coords="884,80,972,107">
<area shape="rect" href="$region3_8cpp.html" title="region3.cpp" alt="" coords="996,80,1084,107">
<area shape="rect" href="$region4_8cpp.html" title="region4.cpp" alt="" coords="1108,80,1196,107">
<area shape="rect" href="$steamcalculator_8cpp.html" title="steamcalculator.cpp" alt="" coords="1220,80,1356,107">
<area shape="rect" href="$b13curve_8cpp.html" title="b13curve.cpp" alt="" coords="17,304,116,331">
<area shape="rect" href="$solver2_8h.html" title="solver2.h" alt="" coords="461,229,536,256">
<area shape="rect" href="$solver_8cpp.html" title="solver.cpp" alt="" coords="133,229,213,256">
<area shape="rect" href="$b23curve_8cpp.html" title="b23curve.cpp" alt="" coords="237,229,336,256">
<area shape="rect" href="$satcurve_8cpp.html" title="satcurve.cpp" alt="" coords="560,229,656,256">
