<area shape="rect" href="$common_8h.html" title="common.h" alt="" coords="585,80,668,107">
<area shape="rect" href="$b13curve_8h.html" title="b13curve.h" alt="" coords="864,453,949,480">
<area shape="rect" href="$solver2_8cpp.html" title="solver2.cpp" alt="" coords="335,528,423,555">
<area shape="rect" href="$b23curve_8h.html" title="b23curve.h" alt="" coords="339,379,424,405">
<area shape="rect" href="$solver2_8h.html" title="solver2.h" alt="" coords="180,453,255,480">
<area shape="rect" href="$satcurve_8h.html" title="satcurve.h" alt="" coords="93,379,176,405">
<area shape="rect" href="$steamcalculator_8cpp.html" title="steamcalculator.cpp" alt="" coords="1615,379,1751,405">
<area shape="rect" href="$boundaries_8h.html" title="boundaries.h" alt="" coords="212,155,308,181">
<area shape="rect" href="$state_8h.html" title="state.h" alt="" coords="1263,155,1324,181">
<area shape="rect" href="$region1_8h.html" title="region1.h" alt="" coords="1520,304,1595,331">
<area shape="rect" href="$convergencetest_8h.html" title="convergencetest.h" alt="" coords="640,155,768,181">
<area shape="rect" href="$surfacetension_8h.html" title="surfacetension.h" alt="" coords="1605,80,1723,107">
<area shape="rect" href="$units_8cpp.html" title="units.cpp" alt="" coords="1923,80,1997,107">
<area shape="rect" href="$steamcalculatorexception_8h.html" title="steamcalculatorexception.h" alt="" coords="437,155,616,181">
<area shape="rect" href="$boundaries_8cpp.html" title="boundaries.cpp" alt="" coords="245,229,355,256">
<area shape="rect" href="$surfacetension_8cpp.html" title="surfacetension.cpp" alt="" coords="1375,155,1505,181">
<area shape="rect" href="$b13curve_8cpp.html" title="b13curve.cpp" alt="" coords="857,528,956,555">
<area shape="rect" href="$steamcalculator_8h.html" title="steamcalculator.h" alt="" coords="749,229,872,256">
<area shape="rect" href="$steamcalculatorexception_8cpp.html" title="steamcalculatorexception.cpp" alt="" coords="429,229,624,256">
<area shape="rect" href="$steamproperty_8h.html" title="steamproperty.h" alt="" coords="549,304,664,331">
<area shape="rect" href="$solver_8h.html" title="solver.h" alt="" coords="803,379,869,405">
<area shape="rect" href="$steamproperty_8cpp.html" title="steamproperty.cpp" alt="" coords="651,379,779,405">
<area shape="rect" href="$convergencetest_8cpp.html" title="convergencetest.cpp" alt="" coords="992,304,1133,331">
<area shape="rect" href="$region1_8cpp.html" title="region1.cpp" alt="" coords="1300,379,1388,405">
<area shape="rect" href="$region2_8cpp.html" title="region2.cpp" alt="" coords="1188,379,1276,405">
<area shape="rect" href="$region3_8cpp.html" title="region3.cpp" alt="" coords="1157,304,1245,331">
<area shape="rect" href="$region4_8cpp.html" title="region4.cpp" alt="" coords="1412,379,1500,405">
<area shape="rect" href="$solver_8cpp.html" title="solver.cpp" alt="" coords="760,453,840,480">
<area shape="rect" href="$b23curve_8cpp.html" title="b23curve.cpp" alt="" coords="329,453,428,480">
<area shape="rect" href="$satcurve_8cpp.html" title="satcurve.cpp" alt="" coords="60,453,156,480">
<area shape="rect" href="$region4_8h.html" title="region4.h" alt="" coords="1256,229,1331,256">
<area shape="rect" href="$region2_8h.html" title="region2.h" alt="" coords="1371,304,1445,331">
<area shape="rect" href="$region3_8h.html" title="region3.h" alt="" coords="1157,229,1232,256">
<area shape="rect" href="$state_8cpp.html" title="state.cpp" alt="" coords="1355,229,1429,256">
<area shape="rect" href="$steam_8c.html" title="steam.c" alt="" coords="1524,379,1591,405">
